// Jest Snapshot v1, https://goo.gl/fbAQLP

exports[`EventsScreen Component renders correctly 1`] = `
<View
  style={
    Object {
      "backgroundColor": "#808080",
      "flex": 1,
    }
  }
>
  <FilterHeader />
  <EventList
    events={Array []}
    locale="en-GB"
    onPress={[Function]}
    onRefresh={[Function]}
    refreshing={false}
  />
</View>
`;
