// Jest Snapshot v1, https://goo.gl/fbAQLP

exports[`renders correctly 1`] = `
<TouchableOpacity
  activeOpacity={0.2}
  onPress={[Function]}
  style={
    Object {
      "alignItems": "center",
      "backgroundColor": "#D8D8D8",
      "borderRadius": 4,
      "height": 40,
      "justifyContent": "center",
    }
  }
>
  <Text
    markdown={false}
    style={
      Object {
        "color": "#FFFFFF",
      }
    }
    type="text"
  >
    a button
  </Text>
</TouchableOpacity>
`;
