// Jest Snapshot v1, https://goo.gl/fbAQLP

exports[`renders correctly 1`] = `
<withOrientation
  forceInset={
    Object {
      "top": "always",
    }
  }
  style={
    Object {
      "backgroundColor": "#3A3A3A",
    }
  }
>
  <StatusBar
    animated={true}
    barStyle="light-content"
    showHideTransition="fade"
  />
  <View
    style={
      Object {
        "alignItems": "center",
        "flexDirection": "row",
        "paddingBottom": 12,
        "paddingHorizontal": 20,
        "paddingTop": 8,
      }
    }
  >
    <View
      style={
        Object {
          "alignItems": "center",
          "backgroundColor": "#5C5C5C",
          "borderRadius": 4,
          "flex": 1,
          "flexDirection": "row",
          "height": 43,
          "padding": 10,
        }
      }
    >
      <Text
        accessible={true}
        allowFontScaling={true}
        ellipsizeMode="tail"
        style={
          Object {
            "color": "#ADADAD",
            "fontWeight": "bold",
          }
        }
      >
        I'm interested in...
      </Text>
    </View>
    <View
      style={
        Object {
          "alignItems": "center",
          "backgroundColor": "#5C5C5C",
          "borderRadius": 25,
          "height": 52,
          "justifyContent": "center",
          "marginLeft": 12,
          "width": 52,
        }
      }
    >
      <Text
        accessible={true}
        allowFontScaling={true}
        ellipsizeMode="tail"
        style={
          Object {
            "color": "#ADADAD",
            "fontWeight": "bold",
          }
        }
      >
        Map
      </Text>
    </View>
  </View>
</withOrientation>
`;
