// Jest Snapshot v1, https://goo.gl/fbAQLP

exports[`renders correctly 1`] = `
<Text
  markdown={false}
  style={
    Object {
      "backgroundColor": "#D8D8D8",
      "color": "#FFF",
      "marginBottom": 8,
      "marginRight": 8,
      "paddingHorizontal": 8,
    }
  }
  type="h3"
>
  music
</Text>
`;
