// Jest Snapshot v1, https://goo.gl/fbAQLP

exports[`renders correctly 1`] = `
<withOrientation
  style={
    Object {
      "backgroundColor": "#F2F2F2",
    }
  }
>
  <StatusBar
    animated={true}
    barStyle="default"
    showHideTransition="fade"
  />
  <View
    style={
      Object {
        "height": 180,
        "padding": 22,
      }
    }
  >
    <TouchableOpacity
      activeOpacity={0.2}
      onPress={[Function]}
    >
      <Text
        accessible={true}
        allowFontScaling={true}
        ellipsizeMode="tail"
      >
        Back
      </Text>
    </TouchableOpacity>
  </View>
</withOrientation>
`;
